uk/ac/ox/krr/logmap2/bioportal/MediatingOntologyExtractor$1.class
uk/ac/ox/krr/logmap2/bioportal/RESTBioPortalAccess.class
uk/ac/ox/krr/logmap2/indexing/labelling_schema/PostNode.class
uk/ac/ox/krr/logmap2/LogMapLLM_BioPortal.class
uk/ac/ox/krr/logmap2/io/FlatAlignmentFormatURL.class
uk/ac/ox/krr/logmap2/indexing/labelling_schema/PreNode.class
uk/ac/ox/krr/logmap2/interactive/InteractiveProcessAmbiguity$1.class
uk/ac/ox/krr/logmap2/SIAssessment/DataPropertyMappingAssessment.class
uk/ac/ox/krr/logmap2/oaei/FromRDFAlign2OWL.class
uk/ac/ox/krr/logmap2/io/WriteFile.class
uk/ac/ox/krr/logmap2/io/ReadFile.class
uk/ac/ox/krr/logmap2/utilities/ELAxiomVisitor.class
uk/ac/ox/krr/logmap2/oaei/reader/MappingsReader.class
uk/ac/ox/krr/logmap2/overlapping/NoOverlappingExtractor.class
uk/ac/manchester/syntactic_locality/utils/ExtractorConstants.class
uk/ac/ox/krr/logmap2/multilingual/Translator.class
uk/ac/ox/krr/logmap2/lexicon/stemming/IteratedLovinsStemmer.class
uk/ac/ox/krr/logmap2/indexing/OntologyProcessing.class
uk/ac/ox/krr/logmap_lite/OntologyLoader.class
uk/ac/ox/krr/logmap2/LogMap2_MappingRanking$1.class
uk/ac/ox/krr/logmap2/indexing/entities/PropertyIndex.class
org/semanticweb/elk/owlapi/ElkReasonerAdapted.class
uk/ac/ox/krr/logmap2/oaei/oracle/LocalOracle.class
uk/ac/ox/krr/logmap2/indexing/entities/DataPropertyIndex.class
uk/ac/ox/krr/logmap_lite/PrecomputeIndexCombinationStatic.class
uk/ac/ox/krr/logmap_lite/OntologyProcessing.class
uk/ac/ox/krr/logmap2/lexicon/stemming/PorterStemmerBridge.class
uk/ac/ox/krr/logmap2/oaei/oracle/OracleManager.class
uk/ac/ox/krr/logmap2/bioportal/MediatingOntologyExtractor$CandidateMediatingOntologyComparator.class
uk/ac/ox/krr/logmap2/utilities/PrecomputeIndexCombinationStatic.class
uk/ac/ox/krr/logmap2/LogMap2Core$ComparatorConfidence.class
uk/ac/ox/krr/logmap2/lexicon/stemming/StemmingLauncher.class
uk/ac/ox/krr/logmap2/indexing/LightTarjan.class
uk/ac/ox/krr/logmap2/overlapping/LexicalOverlappingExtractor.class
uk/ac/ox/krr/logmap2/LogMapLLM_Interface.class
uk/ac/ox/krr/logmap2/indexing/entities/IndividualIndex.class
uk/ac/ox/krr/logmap2/interactive/InteractiveProcess.class
uk/ac/ox/krr/logmap2/indexing/ExtractStringFromAnnotationAssertionAxiom.class
org/ictclas4j/segment/SegTag2.class
uk/ac/ox/krr/logmap2/SIAssessment/ObjectPropertyMappingAssessment.class
uk/ac/ox/krr/logmap2/lexicon/NormalizeDate.class
uk/ac/ox/krr/logmap2/LogMap2_OAEI.class
uk/ac/manchester/syntactic_locality/ModuleExtractor.class
uk/ac/ox/krr/logmap2/utilities/Relation.class
uk/ac/ox/krr/logmap2/bioportal/CandidateMediatingOntology.class
uk/ac/ox/krr/logmap2/io/OWL2RDFAlignment.class
uk/ac/manchester/syntactic_locality/ModuleExtractorManager.class
uk/ac/ox/krr/logmap2/division/WordEmbeddingDivision.class
uk/ac/ox/krr/logmap2/io/ExtendedFlatTSVAlignmentFormat.class
uk/ac/ox/krr/logmap2/repair/hornSAT/Link.class
uk/ac/ox/krr/logmap2/SIAssessment/InstanceMatchingAssessment.class
uk/ac/ox/krr/logmap2/repair/AnchorAssessment.class
uk/ac/ox/krr/logmap2/interactive/InteractiveProcessOAEI.class
uk/ac/ox/krr/logmap2/reasoning/DisjointnessAxiomExtractor.class
uk/ac/ox/krr/logmap2/lexicon/stemming/Stemmer.class
uk/ac/ox/krr/logmap2/bioportal/BioPortalMapping.class
uk/ac/ox/krr/logmap2/indexing/OntologyProcessing$ExtractCategoriesForIndividual.class
uk/ac/ox/krr/logmap2/LogMap2_RepairFacility$MappingComparator.class
uk/ac/ox/krr/logmap2/overlapping/OverlappingExtractor.class
uk/ac/ox/krr/logmap2/interactive/InteractiveProcessOAEI$MappingInteractivityComparator.class
uk/ac/ox/krr/logmap2/LogMap2_MappingRanking.class
uk/ac/ox/krr/logmap2/utilities/Pair.class
uk/ac/ox/krr/logmap2/lexicon/stemming/LovinsIterStemmerBridge.class
uk/ac/ox/krr/logmap2/overlapping/OntologyProcessing4Overlapping.class
uk/ac/ox/krr/logmap2/interactive/MappingInteractivityComparator4Similarity.class
uk/ac/ox/krr/logmap2/LogMap2Core.class
uk/ac/ox/krr/logmap_lite/io/OAEIAlignmentOutput.class
uk/ac/ox/krr/logmap2/oaei/oracle/OAEIOracle.class
uk/ac/ox/krr/logmap2/interactive/InteractiveProcessAmbiguity$MappingInteractivityComparator.class
uk/ac/ox/krr/logmap2/indexing/labelling_schema/IntervalLabelledHierarchy.class
uk/ac/ox/krr/logmap2/lexicon/stemming/StemmerManager.class
uk/ac/manchester/syntactic_locality/SyntacticLocalityChecker.class
uk/ac/ox/krr/logmap2/indexing/entities/EntityIndex.class
uk/ac/ox/krr/logmap2/lexicon/stemming/PorterStemmer.class
uk/ac/ox/krr/logmap2/division/OntologyAlignmentDivision.class
uk/ac/ox/krr/logmap2/lexicon/stemming/LovinsStemmer.class
uk/ac/ox/krr/logmap2/LogMap3_RepairFacility.class
uk/ac/ox/krr/logmap_lite/io/RDFAlignmentFormat.class
uk/ac/ox/krr/logmap2/oaei/reader/OWLAlignmentReader$ValueVisitor.class
uk/ac/ox/krr/logmap2/interactive/InteractiveProcessOAEI$1.class
uk/ac/ox/krr/logmap2/indexing/labelling_schema/Test.class
uk/ac/ox/krr/logmap2/division/BasicDivisionPredictor.class
uk/ac/manchester/syntactic_locality/SyntacticLocalityChecker$NegativeOWLClassExpressionVisitor.class
uk/ac/ox/krr/logmap2/bioportal/BioPortalAccess.class
uk/ac/ox/krr/logmap2/mappings/objects/MappingObjectIdentifiers.class
uk/ac/ox/krr/logmap2/division/BasicDivision.class
uk/ac/ox/krr/logmap2/indexing/JointIndexManager.class
uk/ac/ox/krr/logmap2/reasoning/ReasonerAccess.class
uk/ac/ox/krr/logmap2/oaei/reader/FlatAlignmentReader.class
uk/ac/ox/krr/logmap_lite/MappingObjectStr.class
uk/ac/ox/krr/logmap2/LogMap2_RepairFacility$1.class
uk/ac/ox/krr/logmap2/oaei/reader/RDFAlignReader.class
uk/ac/ox/krr/logmap2/interactive/InteractiveProcessAmbiguity$NoComparator.class
uk/ac/ox/krr/logmap2/reasoning/SatisfiabilityIntegration.class
uk/ac/ox/krr/logmap2/mappings/objects/MappingObjectStr.class
uk/ac/ox/krr/logmap2/division/AbstractDivision.class
uk/ac/ox/krr/logmap2/io/OutputMappingsFormat.class
uk/ac/ox/krr/logmap2/interactive/InteractiveProcessThreshold.class
uk/ac/ox/krr/logmap2/io/TurtleAlignmentFormat.class
uk/ac/ox/krr/logmap2/indexing/labelling_schema/Interval.class
uk/ac/ox/krr/logmap2/indexing/OntologyProcessing$ExtractAcceptedLabelsFromRoleAssertions.class
uk/ac/ox/krr/logmap2/AddConfidence2Mappings.class
uk/ac/ox/krr/logmap2/oaei/reader/MappingsReaderManager.class
uk/ac/ox/krr/logmap2/io/OutPutFilesManager.class
uk/ac/ox/krr/logmap2/indexing/entities/ClassIndex.class
uk/ac/ox/krr/logmap2/lexicon/LexicalUtilities.class
uk/ac/ox/krr/logmap2/oaei/OAEI2015InstanceProcessing.class
uk/ac/ox/krr/logmap2/indexing/labelling_schema/TopologicalSorting.class
uk/ac/ox/krr/logmap2/bioportal/BioPortalOntologyInfo.class
uk/ac/ox/krr/logmap2/owlapi/SynchronizedOWLManager.class
uk/ac/ox/krr/logmap_lite/io/ReadFile.class
uk/ac/ox/krr/logmap2/io/OWLAlignmentFormat.class
uk/ac/manchester/syntactic_locality/SyntacticLocalityChecker$PositiveOWLClassExpressionVisitor.class
uk/ac/ox/krr/logmap_lite/io/WriteFile.class
uk/ac/ox/krr/logmap2/utilities/Timer.class
uk/ac/ox/krr/logmap2/oaei/reader/OWLAlignmentReader.class
uk/ac/ox/krr/logmap2/lexicon/NormalizeNumbers.class
uk/ac/ox/krr/logmap2/SIAssessment/PropertyMappingAssessment.class
uk/ac/ox/krr/logmap2/division/QualityMeasures.class
uk/ac/ox/krr/logmap2/reasoning/explanation/BlackBoxExplanationExtractor.class
uk/ac/ox/krr/logmap2/LogMap2Core$1.class
uk/ac/ox/krr/logmap2/Parameters.class
uk/ac/ox/krr/logmap2/reasoning/StructuralReasonerExtended.class
uk/ac/ox/krr/logmap2/mappings/I_Sub.class
uk/ac/ox/krr/logmap2/LogMap2_Matcher.class
uk/ac/ox/krr/logmap2/indexing/Comparator4String2Int.class
uk/ac/ox/krr/logmap2/LogMap2_CommandLine.class
uk/ac/ox/krr/logmap2/io/OWL2RDFAlignment$MappingVisitor.class
uk/ac/ox/krr/logmap2/interactive/InteractiveProcessAmbiguity.class
uk/ac/ox/krr/logmap2/multilingual/GoogleBasedTranslator.class
uk/ac/ox/krr/logmap2/indexing/labelling_schema/PostIntervalLabelledHierarchy.class
uk/ac/manchester/syntactic_locality/utils/ReadFile.class
uk/ac/ox/krr/logmap2/division/OverlappingEstimation.class
uk/ac/ox/krr/logmap2/reasoning/explanation/PlanExtractor.class
uk/ac/ox/krr/logmap2/repair/hornSAT/HornClause.class
uk/ac/ox/krr/logmap2/mappings/objects/MappingObject.class
uk/ac/ox/krr/logmap2/io/CopyUtils.class
uk/ac/ox/krr/logmap2/LogMap3_RepairFacility$MappingComparator.class
uk/ac/ox/krr/logmap2/lexicon/LexicalUtilitiesStatic.class
uk/ac/ox/krr/logmap2/reasoning/ReasonerManager.class
uk/ac/ox/krr/logmap_lite/PrecomputeIndexCombination.class
uk/ac/ox/krr/logmap2/repair/RepairmentPlan.class
uk/ac/ox/krr/logmap2/OntologyLoader.class
uk/ac/ox/krr/logmap2/LogMap2_MappingRanking$MappingComparator.class
uk/ac/ox/krr/logmap2/lexicon/stemming/StemmerTester.class
uk/ac/ox/krr/logmap2/interactive/InteractiveProcessOAEI$NoComparator.class
uk/ac/ox/krr/logmap2/LogMap2_OAEI_BioPortal.class
uk/ac/manchester/syntactic_locality/OntologyModuleExtractor$TYPEMODULE.class
uk/ac/ox/krr/logmap_lite/io/OWLAlignmentFormat.class
uk/ac/ox/krr/logmap2/io/FlatTSVAlignmentFormat.class
uk/ac/ox/krr/logmap2/statistics/StatisticsTimeMappings.class
uk/ac/ox/krr/logmap2/overlapping/OverlappingExtractor4Mappings.class
uk/ac/ox/krr/logmap2/repair/hornSAT/DowlingGallierHornSAT$Pair.class
uk/ac/ox/krr/logmap2/reasoning/explanation/PlanExtractor$RepairMappingComparator.class
uk/ac/ox/krr/logmap2/reasoning/profiles/CheckOWL2Profile.class
uk/ac/ox/krr/logmap2/lexicon/stemming/PaiceStemmer.class
uk/ac/ox/krr/logmap2/lexicon/stemming/StemmingMapLoader.class
uk/ac/ox/krr/logmap2/utilities/PrecomputeIndexCombination.class
uk/ac/ox/krr/logmap_lite/OntologyProcessing$ExtractAcceptedLabelsFromRoleAssertions.class
uk/ac/ox/krr/logmap2/indexing/ReasonerBasedIndexManager.class
uk/ac/ox/krr/logmap2/utilities/StandardMeasures.class
uk/ac/ox/krr/logmap2/repair/hornSAT/DowlingGallierHornSAT.class
uk/ac/ox/krr/logmap2/reasoning/ELKAccess.class
uk/ac/ox/krr/logmap2/mappings/WeakCandidate.class
uk/ac/ox/krr/logmap2/reasoning/HermiT_adapted.class
uk/ac/ox/krr/logmap_lite/LogMap_Lite.class
uk/ac/ox/krr/logmap2/indexing/entities/ObjectPropertyIndex.class
uk/ac/ox/krr/logmap2/indexing/IndexManager.class
uk/ac/ox/krr/logmap2/indexing/labelling_schema/Node.class
uk/ac/ox/krr/logmap2/background/CategoryMappingsLoader.class
uk/ac/ox/krr/logmap2/division/MatchingTask.class
uk/ac/ox/krr/logmap2/io/OAEIAlignmentOutput.class
uk/ac/ox/krr/logmap2/reasoning/ReasonerAccessImpl$1.class
uk/ac/ox/krr/logmap2/repair/RepairmentPlanComparator.class
uk/ac/ox/krr/logmap2/mappings/CandidateMappingManager.class
uk/ac/ox/krr/logmap2/indexing/labelling_schema/PreIntervalLabelledHierarchy.class
uk/ac/ox/krr/logmap2/interactive/objects/MappingObjectInteractivity.class
uk/ac/ox/krr/logmap2/division/ConceptEmbeddingDivision.class
uk/ac/ox/krr/logmap2/reasoning/explanation/PlanExtractor$1.class
uk/ac/ox/krr/logmap2/oaei/reader/EmptyReader.class
uk/ac/ox/krr/logmap2/repair/AnchorsAssessmentFullReasoning$MappingAxiomVisitor.class
uk/ac/ox/krr/logmap2/oaei/reader/OWLAlignmentReader$OWLMappingAxiomVisitor4Reader.class
uk/ac/ox/krr/logmap2/lexicon/stemming/FileStemmer.class
uk/ac/manchester/syntactic_locality/OntologyModuleExtractor.class
uk/ac/ox/krr/logmap2/repair/AnchorsAssessmentFullReasoning.class
uk/ac/ox/krr/logmap2/reasoning/ReasonerAccessImpl.class
uk/ac/ox/krr/logmap2/multilingual/TranslatorManager.class
uk/ac/ox/krr/logmap2/lexicon/stemming/LovinsStemmerBridge.class
uk/ac/ox/krr/logmap2/utilities/Utilities.class
uk/ac/ox/krr/logmap2/reasoning/ReasonerAccessImpl$2.class
uk/ac/ox/krr/logmap2/reasoning/HermiTAccess.class
uk/ac/ox/krr/logmap2/LogMap_Full.class
uk/ac/ox/krr/logmap2/io/FlatFormat2OAEIRDFAlignment.class
uk/ac/ox/krr/logmap2/io/OutPutFilesManagerStatic.class
uk/ac/ox/krr/logmap2/LogMap2_RepairFacility.class
uk/ac/ox/krr/logmap2/multilingual/MicrosoftBasedTranslator.class
uk/ac/ox/krr/logmap2/oaei/reader/OWLMappingAxiomVisitor.class
uk/ac/ox/krr/logmap2/oaei/oracle/Oraculo.class
uk/ac/ox/krr/logmap2/io/LogOutput.class
uk/ac/ox/krr/logmap2/lexicon/stemming/PaiceStemmerBridge.class
uk/ac/ox/krr/logmap2/statistics/StatisticsManager.class
uk/ac/ox/krr/logmap2/bioportal/MediatingOntologyExtractor.class
uk/ac/ox/krr/logmap2/io/FlatAlignmentFormat.class
uk/ac/ox/krr/logmap2/utilities/Lib.class
uk/ac/ox/krr/logmap2/io/OAEIRDFAlignmentFormat.class
uk/ac/ox/krr/logmap2/utilities/HashAlignment.class
uk/ac/ox/krr/logmap2/reasoning/ReasonerAccessImpl$3.class
uk/ac/ox/krr/logmap2/mappings/MappingManager.class
uk/ac/ox/krr/logmap_lite/io/OutputMappingsFormat.class
uk/ac/ox/krr/logmap2/reasoning/explanation/ExplanationProgressManager.class
