/Users/shuma/Desktop/logmap-matcher/src/main/java/org/ictclas4j/segment/SegTag2.java
/Users/shuma/Desktop/logmap-matcher/src/main/java/org/semanticweb/elk/owlapi/ElkReasonerAdapted.java
/Users/shuma/Desktop/logmap-matcher/src/main/java/uk/ac/manchester/syntactic_locality/ModuleExtractor.java
/Users/shuma/Desktop/logmap-matcher/src/main/java/uk/ac/manchester/syntactic_locality/ModuleExtractorManager.java
/Users/shuma/Desktop/logmap-matcher/src/main/java/uk/ac/manchester/syntactic_locality/OntologyModuleExtractor.java
/Users/shuma/Desktop/logmap-matcher/src/main/java/uk/ac/manchester/syntactic_locality/SyntacticLocalityChecker.java
/Users/shuma/Desktop/logmap-matcher/src/main/java/uk/ac/manchester/syntactic_locality/utils/ExtractorConstants.java
/Users/shuma/Desktop/logmap-matcher/src/main/java/uk/ac/manchester/syntactic_locality/utils/ReadFile.java
/Users/shuma/Desktop/logmap-matcher/src/main/java/uk/ac/ox/krr/logmap2/AddConfidence2Mappings.java
/Users/shuma/Desktop/logmap-matcher/src/main/java/uk/ac/ox/krr/logmap2/LogMap2Core.java
/Users/shuma/Desktop/logmap-matcher/src/main/java/uk/ac/ox/krr/logmap2/LogMap2_CommandLine.java
/Users/shuma/Desktop/logmap-matcher/src/main/java/uk/ac/ox/krr/logmap2/LogMap2_MappingRanking.java
/Users/shuma/Desktop/logmap-matcher/src/main/java/uk/ac/ox/krr/logmap2/LogMap2_Matcher.java
/Users/shuma/Desktop/logmap-matcher/src/main/java/uk/ac/ox/krr/logmap2/LogMap2_OAEI.java
/Users/shuma/Desktop/logmap-matcher/src/main/java/uk/ac/ox/krr/logmap2/LogMap2_OAEI_BioPortal.java
/Users/shuma/Desktop/logmap-matcher/src/main/java/uk/ac/ox/krr/logmap2/LogMap2_RepairFacility.java
/Users/shuma/Desktop/logmap-matcher/src/main/java/uk/ac/ox/krr/logmap2/LogMap3_RepairFacility.java
/Users/shuma/Desktop/logmap-matcher/src/main/java/uk/ac/ox/krr/logmap2/LogMapLLM_BioPortal.java
/Users/shuma/Desktop/logmap-matcher/src/main/java/uk/ac/ox/krr/logmap2/LogMapLLM_Interface.java
/Users/shuma/Desktop/logmap-matcher/src/main/java/uk/ac/ox/krr/logmap2/LogMap_Full.java
/Users/shuma/Desktop/logmap-matcher/src/main/java/uk/ac/ox/krr/logmap2/OntologyLoader.java
/Users/shuma/Desktop/logmap-matcher/src/main/java/uk/ac/ox/krr/logmap2/Parameters.java
/Users/shuma/Desktop/logmap-matcher/src/main/java/uk/ac/ox/krr/logmap2/SIAssessment/DataPropertyMappingAssessment.java
/Users/shuma/Desktop/logmap-matcher/src/main/java/uk/ac/ox/krr/logmap2/SIAssessment/InstanceMatchingAssessment.java
/Users/shuma/Desktop/logmap-matcher/src/main/java/uk/ac/ox/krr/logmap2/SIAssessment/ObjectPropertyMappingAssessment.java
/Users/shuma/Desktop/logmap-matcher/src/main/java/uk/ac/ox/krr/logmap2/SIAssessment/PropertyMappingAssessment.java
/Users/shuma/Desktop/logmap-matcher/src/main/java/uk/ac/ox/krr/logmap2/background/CategoryMappingsLoader.java
/Users/shuma/Desktop/logmap-matcher/src/main/java/uk/ac/ox/krr/logmap2/bioportal/BioPortalAccess.java
/Users/shuma/Desktop/logmap-matcher/src/main/java/uk/ac/ox/krr/logmap2/bioportal/BioPortalMapping.java
/Users/shuma/Desktop/logmap-matcher/src/main/java/uk/ac/ox/krr/logmap2/bioportal/BioPortalOntologyInfo.java
/Users/shuma/Desktop/logmap-matcher/src/main/java/uk/ac/ox/krr/logmap2/bioportal/CandidateMediatingOntology.java
/Users/shuma/Desktop/logmap-matcher/src/main/java/uk/ac/ox/krr/logmap2/bioportal/MediatingOntologyExtractor.java
/Users/shuma/Desktop/logmap-matcher/src/main/java/uk/ac/ox/krr/logmap2/bioportal/RESTBioPortalAccess.java
/Users/shuma/Desktop/logmap-matcher/src/main/java/uk/ac/ox/krr/logmap2/division/AbstractDivision.java
/Users/shuma/Desktop/logmap-matcher/src/main/java/uk/ac/ox/krr/logmap2/division/BasicDivision.java
/Users/shuma/Desktop/logmap-matcher/src/main/java/uk/ac/ox/krr/logmap2/division/BasicDivisionPredictor.java
/Users/shuma/Desktop/logmap-matcher/src/main/java/uk/ac/ox/krr/logmap2/division/ConceptEmbeddingDivision.java
/Users/shuma/Desktop/logmap-matcher/src/main/java/uk/ac/ox/krr/logmap2/division/MatchingTask.java
/Users/shuma/Desktop/logmap-matcher/src/main/java/uk/ac/ox/krr/logmap2/division/OntologyAlignmentDivision.java
/Users/shuma/Desktop/logmap-matcher/src/main/java/uk/ac/ox/krr/logmap2/division/OverlappingEstimation.java
/Users/shuma/Desktop/logmap-matcher/src/main/java/uk/ac/ox/krr/logmap2/division/QualityMeasures.java
/Users/shuma/Desktop/logmap-matcher/src/main/java/uk/ac/ox/krr/logmap2/division/WordEmbeddingDivision.java
/Users/shuma/Desktop/logmap-matcher/src/main/java/uk/ac/ox/krr/logmap2/indexing/ExtractStringFromAnnotationAssertionAxiom.java
/Users/shuma/Desktop/logmap-matcher/src/main/java/uk/ac/ox/krr/logmap2/indexing/IndexManager.java
/Users/shuma/Desktop/logmap-matcher/src/main/java/uk/ac/ox/krr/logmap2/indexing/JointIndexManager.java
/Users/shuma/Desktop/logmap-matcher/src/main/java/uk/ac/ox/krr/logmap2/indexing/LightTarjan.java
/Users/shuma/Desktop/logmap-matcher/src/main/java/uk/ac/ox/krr/logmap2/indexing/OntologyProcessing.java
/Users/shuma/Desktop/logmap-matcher/src/main/java/uk/ac/ox/krr/logmap2/indexing/ReasonerBasedIndexManager.java
/Users/shuma/Desktop/logmap-matcher/src/main/java/uk/ac/ox/krr/logmap2/indexing/entities/ClassIndex.java
/Users/shuma/Desktop/logmap-matcher/src/main/java/uk/ac/ox/krr/logmap2/indexing/entities/DataPropertyIndex.java
/Users/shuma/Desktop/logmap-matcher/src/main/java/uk/ac/ox/krr/logmap2/indexing/entities/EntityIndex.java
/Users/shuma/Desktop/logmap-matcher/src/main/java/uk/ac/ox/krr/logmap2/indexing/entities/IndividualIndex.java
/Users/shuma/Desktop/logmap-matcher/src/main/java/uk/ac/ox/krr/logmap2/indexing/entities/ObjectPropertyIndex.java
/Users/shuma/Desktop/logmap-matcher/src/main/java/uk/ac/ox/krr/logmap2/indexing/entities/PropertyIndex.java
/Users/shuma/Desktop/logmap-matcher/src/main/java/uk/ac/ox/krr/logmap2/indexing/labelling_schema/Interval.java
/Users/shuma/Desktop/logmap-matcher/src/main/java/uk/ac/ox/krr/logmap2/indexing/labelling_schema/IntervalLabelledHierarchy.java
/Users/shuma/Desktop/logmap-matcher/src/main/java/uk/ac/ox/krr/logmap2/indexing/labelling_schema/Node.java
/Users/shuma/Desktop/logmap-matcher/src/main/java/uk/ac/ox/krr/logmap2/indexing/labelling_schema/PostIntervalLabelledHierarchy.java
/Users/shuma/Desktop/logmap-matcher/src/main/java/uk/ac/ox/krr/logmap2/indexing/labelling_schema/PostNode.java
/Users/shuma/Desktop/logmap-matcher/src/main/java/uk/ac/ox/krr/logmap2/indexing/labelling_schema/PreIntervalLabelledHierarchy.java
/Users/shuma/Desktop/logmap-matcher/src/main/java/uk/ac/ox/krr/logmap2/indexing/labelling_schema/PreNode.java
/Users/shuma/Desktop/logmap-matcher/src/main/java/uk/ac/ox/krr/logmap2/indexing/labelling_schema/Test.java
/Users/shuma/Desktop/logmap-matcher/src/main/java/uk/ac/ox/krr/logmap2/indexing/labelling_schema/TopologicalSorting.java
/Users/shuma/Desktop/logmap-matcher/src/main/java/uk/ac/ox/krr/logmap2/interactive/InteractiveProcess.java
/Users/shuma/Desktop/logmap-matcher/src/main/java/uk/ac/ox/krr/logmap2/interactive/InteractiveProcessAmbiguity.java
/Users/shuma/Desktop/logmap-matcher/src/main/java/uk/ac/ox/krr/logmap2/interactive/InteractiveProcessOAEI.java
/Users/shuma/Desktop/logmap-matcher/src/main/java/uk/ac/ox/krr/logmap2/interactive/InteractiveProcessThreshold.java
/Users/shuma/Desktop/logmap-matcher/src/main/java/uk/ac/ox/krr/logmap2/interactive/objects/MappingObjectInteractivity.java
/Users/shuma/Desktop/logmap-matcher/src/main/java/uk/ac/ox/krr/logmap2/io/CopyUtils.java
/Users/shuma/Desktop/logmap-matcher/src/main/java/uk/ac/ox/krr/logmap2/io/ExtendedFlatTSVAlignmentFormat.java
/Users/shuma/Desktop/logmap-matcher/src/main/java/uk/ac/ox/krr/logmap2/io/FlatAlignmentFormat.java
/Users/shuma/Desktop/logmap-matcher/src/main/java/uk/ac/ox/krr/logmap2/io/FlatAlignmentFormatURL.java
/Users/shuma/Desktop/logmap-matcher/src/main/java/uk/ac/ox/krr/logmap2/io/FlatFormat2OAEIRDFAlignment.java
/Users/shuma/Desktop/logmap-matcher/src/main/java/uk/ac/ox/krr/logmap2/io/FlatTSVAlignmentFormat.java
/Users/shuma/Desktop/logmap-matcher/src/main/java/uk/ac/ox/krr/logmap2/io/LogOutput.java
/Users/shuma/Desktop/logmap-matcher/src/main/java/uk/ac/ox/krr/logmap2/io/OAEIAlignmentOutput.java
/Users/shuma/Desktop/logmap-matcher/src/main/java/uk/ac/ox/krr/logmap2/io/OAEIRDFAlignmentFormat.java
/Users/shuma/Desktop/logmap-matcher/src/main/java/uk/ac/ox/krr/logmap2/io/OWL2RDFAlignment.java
/Users/shuma/Desktop/logmap-matcher/src/main/java/uk/ac/ox/krr/logmap2/io/OWLAlignmentFormat.java
/Users/shuma/Desktop/logmap-matcher/src/main/java/uk/ac/ox/krr/logmap2/io/OutPutFilesManager.java
/Users/shuma/Desktop/logmap-matcher/src/main/java/uk/ac/ox/krr/logmap2/io/OutPutFilesManagerStatic.java
/Users/shuma/Desktop/logmap-matcher/src/main/java/uk/ac/ox/krr/logmap2/io/OutputMappingsFormat.java
/Users/shuma/Desktop/logmap-matcher/src/main/java/uk/ac/ox/krr/logmap2/io/ReadFile.java
/Users/shuma/Desktop/logmap-matcher/src/main/java/uk/ac/ox/krr/logmap2/io/TurtleAlignmentFormat.java
/Users/shuma/Desktop/logmap-matcher/src/main/java/uk/ac/ox/krr/logmap2/io/WriteFile.java
/Users/shuma/Desktop/logmap-matcher/src/main/java/uk/ac/ox/krr/logmap2/lexicon/LexicalUtilities.java
/Users/shuma/Desktop/logmap-matcher/src/main/java/uk/ac/ox/krr/logmap2/lexicon/LexicalUtilitiesStatic.java
/Users/shuma/Desktop/logmap-matcher/src/main/java/uk/ac/ox/krr/logmap2/lexicon/NormalizeDate.java
/Users/shuma/Desktop/logmap-matcher/src/main/java/uk/ac/ox/krr/logmap2/lexicon/NormalizeNumbers.java
/Users/shuma/Desktop/logmap-matcher/src/main/java/uk/ac/ox/krr/logmap2/lexicon/stemming/FileStemmer.java
/Users/shuma/Desktop/logmap-matcher/src/main/java/uk/ac/ox/krr/logmap2/lexicon/stemming/IteratedLovinsStemmer.java
/Users/shuma/Desktop/logmap-matcher/src/main/java/uk/ac/ox/krr/logmap2/lexicon/stemming/LovinsIterStemmerBridge.java
/Users/shuma/Desktop/logmap-matcher/src/main/java/uk/ac/ox/krr/logmap2/lexicon/stemming/LovinsStemmer.java
/Users/shuma/Desktop/logmap-matcher/src/main/java/uk/ac/ox/krr/logmap2/lexicon/stemming/LovinsStemmerBridge.java
/Users/shuma/Desktop/logmap-matcher/src/main/java/uk/ac/ox/krr/logmap2/lexicon/stemming/PaiceStemmer.java
/Users/shuma/Desktop/logmap-matcher/src/main/java/uk/ac/ox/krr/logmap2/lexicon/stemming/PaiceStemmerBridge.java
/Users/shuma/Desktop/logmap-matcher/src/main/java/uk/ac/ox/krr/logmap2/lexicon/stemming/PorterStemmer.java
/Users/shuma/Desktop/logmap-matcher/src/main/java/uk/ac/ox/krr/logmap2/lexicon/stemming/PorterStemmerBridge.java
/Users/shuma/Desktop/logmap-matcher/src/main/java/uk/ac/ox/krr/logmap2/lexicon/stemming/Stemmer.java
/Users/shuma/Desktop/logmap-matcher/src/main/java/uk/ac/ox/krr/logmap2/lexicon/stemming/StemmerManager.java
/Users/shuma/Desktop/logmap-matcher/src/main/java/uk/ac/ox/krr/logmap2/lexicon/stemming/StemmerTester.java
/Users/shuma/Desktop/logmap-matcher/src/main/java/uk/ac/ox/krr/logmap2/lexicon/stemming/StemmingLauncher.java
/Users/shuma/Desktop/logmap-matcher/src/main/java/uk/ac/ox/krr/logmap2/lexicon/stemming/StemmingMapLoader.java
/Users/shuma/Desktop/logmap-matcher/src/main/java/uk/ac/ox/krr/logmap2/mappings/CandidateMappingManager.java
/Users/shuma/Desktop/logmap-matcher/src/main/java/uk/ac/ox/krr/logmap2/mappings/I_Sub.java
/Users/shuma/Desktop/logmap-matcher/src/main/java/uk/ac/ox/krr/logmap2/mappings/MappingManager.java
/Users/shuma/Desktop/logmap-matcher/src/main/java/uk/ac/ox/krr/logmap2/mappings/WeakCandidate.java
/Users/shuma/Desktop/logmap-matcher/src/main/java/uk/ac/ox/krr/logmap2/mappings/objects/MappingObject.java
/Users/shuma/Desktop/logmap-matcher/src/main/java/uk/ac/ox/krr/logmap2/mappings/objects/MappingObjectIdentifiers.java
/Users/shuma/Desktop/logmap-matcher/src/main/java/uk/ac/ox/krr/logmap2/mappings/objects/MappingObjectStr.java
/Users/shuma/Desktop/logmap-matcher/src/main/java/uk/ac/ox/krr/logmap2/multilingual/GoogleBasedTranslator.java
/Users/shuma/Desktop/logmap-matcher/src/main/java/uk/ac/ox/krr/logmap2/multilingual/MicrosoftBasedTranslator.java
/Users/shuma/Desktop/logmap-matcher/src/main/java/uk/ac/ox/krr/logmap2/multilingual/Translator.java
/Users/shuma/Desktop/logmap-matcher/src/main/java/uk/ac/ox/krr/logmap2/multilingual/TranslatorManager.java
/Users/shuma/Desktop/logmap-matcher/src/main/java/uk/ac/ox/krr/logmap2/oaei/FromRDFAlign2OWL.java
/Users/shuma/Desktop/logmap-matcher/src/main/java/uk/ac/ox/krr/logmap2/oaei/LogMapMatcherBridge.java
/Users/shuma/Desktop/logmap-matcher/src/main/java/uk/ac/ox/krr/logmap2/oaei/MatcherBridge.java
/Users/shuma/Desktop/logmap-matcher/src/main/java/uk/ac/ox/krr/logmap2/oaei/OAEI2015InstanceProcessing.java
/Users/shuma/Desktop/logmap-matcher/src/main/java/uk/ac/ox/krr/logmap2/oaei/oracle/LocalOracle.java
/Users/shuma/Desktop/logmap-matcher/src/main/java/uk/ac/ox/krr/logmap2/oaei/oracle/OAEIOracle.java
/Users/shuma/Desktop/logmap-matcher/src/main/java/uk/ac/ox/krr/logmap2/oaei/oracle/OracleManager.java
/Users/shuma/Desktop/logmap-matcher/src/main/java/uk/ac/ox/krr/logmap2/oaei/oracle/Oraculo.java
/Users/shuma/Desktop/logmap-matcher/src/main/java/uk/ac/ox/krr/logmap2/oaei/reader/EmptyReader.java
/Users/shuma/Desktop/logmap-matcher/src/main/java/uk/ac/ox/krr/logmap2/oaei/reader/FlatAlignmentReader.java
/Users/shuma/Desktop/logmap-matcher/src/main/java/uk/ac/ox/krr/logmap2/oaei/reader/MappingsReader.java
/Users/shuma/Desktop/logmap-matcher/src/main/java/uk/ac/ox/krr/logmap2/oaei/reader/MappingsReaderManager.java
/Users/shuma/Desktop/logmap-matcher/src/main/java/uk/ac/ox/krr/logmap2/oaei/reader/OWLAlignmentReader.java
/Users/shuma/Desktop/logmap-matcher/src/main/java/uk/ac/ox/krr/logmap2/oaei/reader/OWLMappingAxiomVisitor.java
/Users/shuma/Desktop/logmap-matcher/src/main/java/uk/ac/ox/krr/logmap2/oaei/reader/RDFAlignReader.java
/Users/shuma/Desktop/logmap-matcher/src/main/java/uk/ac/ox/krr/logmap2/overlapping/LexicalOverlappingExtractor.java
/Users/shuma/Desktop/logmap-matcher/src/main/java/uk/ac/ox/krr/logmap2/overlapping/NoOverlappingExtractor.java
/Users/shuma/Desktop/logmap-matcher/src/main/java/uk/ac/ox/krr/logmap2/overlapping/OntologyProcessing4Overlapping.java
/Users/shuma/Desktop/logmap-matcher/src/main/java/uk/ac/ox/krr/logmap2/overlapping/OverlappingExtractor.java
/Users/shuma/Desktop/logmap-matcher/src/main/java/uk/ac/ox/krr/logmap2/overlapping/OverlappingExtractor4Mappings.java
/Users/shuma/Desktop/logmap-matcher/src/main/java/uk/ac/ox/krr/logmap2/owlapi/SynchronizedOWLManager.java
/Users/shuma/Desktop/logmap-matcher/src/main/java/uk/ac/ox/krr/logmap2/reasoning/DisjointnessAxiomExtractor.java
/Users/shuma/Desktop/logmap-matcher/src/main/java/uk/ac/ox/krr/logmap2/reasoning/ELKAccess.java
/Users/shuma/Desktop/logmap-matcher/src/main/java/uk/ac/ox/krr/logmap2/reasoning/HermiTAccess.java
/Users/shuma/Desktop/logmap-matcher/src/main/java/uk/ac/ox/krr/logmap2/reasoning/HermiT_adapted.java
/Users/shuma/Desktop/logmap-matcher/src/main/java/uk/ac/ox/krr/logmap2/reasoning/ReasonerAccess.java
/Users/shuma/Desktop/logmap-matcher/src/main/java/uk/ac/ox/krr/logmap2/reasoning/ReasonerAccessImpl.java
/Users/shuma/Desktop/logmap-matcher/src/main/java/uk/ac/ox/krr/logmap2/reasoning/ReasonerManager.java
/Users/shuma/Desktop/logmap-matcher/src/main/java/uk/ac/ox/krr/logmap2/reasoning/SatisfiabilityIntegration.java
/Users/shuma/Desktop/logmap-matcher/src/main/java/uk/ac/ox/krr/logmap2/reasoning/StructuralReasonerExtended.java
/Users/shuma/Desktop/logmap-matcher/src/main/java/uk/ac/ox/krr/logmap2/reasoning/explanation/BlackBoxExplanationExtractor.java
/Users/shuma/Desktop/logmap-matcher/src/main/java/uk/ac/ox/krr/logmap2/reasoning/explanation/ExplanationProgressManager.java
/Users/shuma/Desktop/logmap-matcher/src/main/java/uk/ac/ox/krr/logmap2/reasoning/explanation/PlanExtractor.java
/Users/shuma/Desktop/logmap-matcher/src/main/java/uk/ac/ox/krr/logmap2/reasoning/profiles/CheckOWL2Profile.java
/Users/shuma/Desktop/logmap-matcher/src/main/java/uk/ac/ox/krr/logmap2/repair/AnchorAssessment.java
/Users/shuma/Desktop/logmap-matcher/src/main/java/uk/ac/ox/krr/logmap2/repair/AnchorsAssessmentFullReasoning.java
/Users/shuma/Desktop/logmap-matcher/src/main/java/uk/ac/ox/krr/logmap2/repair/RepairmentPlan.java
/Users/shuma/Desktop/logmap-matcher/src/main/java/uk/ac/ox/krr/logmap2/repair/RepairmentPlanComparator.java
/Users/shuma/Desktop/logmap-matcher/src/main/java/uk/ac/ox/krr/logmap2/repair/hornSAT/DowlingGallierHornSAT.java
/Users/shuma/Desktop/logmap-matcher/src/main/java/uk/ac/ox/krr/logmap2/repair/hornSAT/HornClause.java
/Users/shuma/Desktop/logmap-matcher/src/main/java/uk/ac/ox/krr/logmap2/repair/hornSAT/Link.java
/Users/shuma/Desktop/logmap-matcher/src/main/java/uk/ac/ox/krr/logmap2/statistics/StatisticsManager.java
/Users/shuma/Desktop/logmap-matcher/src/main/java/uk/ac/ox/krr/logmap2/statistics/StatisticsTimeMappings.java
/Users/shuma/Desktop/logmap-matcher/src/main/java/uk/ac/ox/krr/logmap2/utilities/ELAxiomVisitor.java
/Users/shuma/Desktop/logmap-matcher/src/main/java/uk/ac/ox/krr/logmap2/utilities/HashAlignment.java
/Users/shuma/Desktop/logmap-matcher/src/main/java/uk/ac/ox/krr/logmap2/utilities/Lib.java
/Users/shuma/Desktop/logmap-matcher/src/main/java/uk/ac/ox/krr/logmap2/utilities/Pair.java
/Users/shuma/Desktop/logmap-matcher/src/main/java/uk/ac/ox/krr/logmap2/utilities/PrecomputeIndexCombination.java
/Users/shuma/Desktop/logmap-matcher/src/main/java/uk/ac/ox/krr/logmap2/utilities/PrecomputeIndexCombinationStatic.java
/Users/shuma/Desktop/logmap-matcher/src/main/java/uk/ac/ox/krr/logmap2/utilities/Relation.java
/Users/shuma/Desktop/logmap-matcher/src/main/java/uk/ac/ox/krr/logmap2/utilities/StandardMeasures.java
/Users/shuma/Desktop/logmap-matcher/src/main/java/uk/ac/ox/krr/logmap2/utilities/Timer.java
/Users/shuma/Desktop/logmap-matcher/src/main/java/uk/ac/ox/krr/logmap2/utilities/Utilities.java
/Users/shuma/Desktop/logmap-matcher/src/main/java/uk/ac/ox/krr/logmap_lite/LogMap_Lite.java
/Users/shuma/Desktop/logmap-matcher/src/main/java/uk/ac/ox/krr/logmap_lite/MappingObjectStr.java
/Users/shuma/Desktop/logmap-matcher/src/main/java/uk/ac/ox/krr/logmap_lite/OntologyLoader.java
/Users/shuma/Desktop/logmap-matcher/src/main/java/uk/ac/ox/krr/logmap_lite/OntologyProcessing.java
/Users/shuma/Desktop/logmap-matcher/src/main/java/uk/ac/ox/krr/logmap_lite/PrecomputeIndexCombination.java
/Users/shuma/Desktop/logmap-matcher/src/main/java/uk/ac/ox/krr/logmap_lite/PrecomputeIndexCombinationStatic.java
/Users/shuma/Desktop/logmap-matcher/src/main/java/uk/ac/ox/krr/logmap_lite/io/OAEIAlignmentOutput.java
/Users/shuma/Desktop/logmap-matcher/src/main/java/uk/ac/ox/krr/logmap_lite/io/OWLAlignmentFormat.java
/Users/shuma/Desktop/logmap-matcher/src/main/java/uk/ac/ox/krr/logmap_lite/io/OutputMappingsFormat.java
/Users/shuma/Desktop/logmap-matcher/src/main/java/uk/ac/ox/krr/logmap_lite/io/RDFAlignmentFormat.java
/Users/shuma/Desktop/logmap-matcher/src/main/java/uk/ac/ox/krr/logmap_lite/io/ReadFile.java
/Users/shuma/Desktop/logmap-matcher/src/main/java/uk/ac/ox/krr/logmap_lite/io/WriteFile.java
