uk/ac/ox/krr/logmap2/test/oaei/TestLogMapLLM.class
uk/ac/ox/krr/logmap2/test/oaei/TestRDF2TXTMappings.class
uk/ac/ox/krr/logmap2/test/oaei/StandardMeasures.class
uk/ac/ox/krr/logmap2/test/overlapping/Relation.class
uk/ac/ox/krr/logmap2/test/bioportal/StoreBioPortalMappings.class
uk/ac/ox/krr/logmap2/test/bioportal/ReadBioPortalMappingsFromFile.class
uk/ac/ox/krr/logmap2/test/oaei/TestNIVA.class
uk/ac/ox/krr/logmap2/test/overlapping/TestOverlapping.class
uk/ac/ox/krr/logmap2/test/oaei/Test_DISO_guard.class
uk/ac/ox/krr/logmap2/test/oaei/TestLogMapBio.class
uk/ac/ox/krr/logmap2/test/oaei/interactivity/TestBioML_SNOMED_FMA_Body_WithLocalOracle.class
uk/ac/ox/krr/logmap2/test/oaei/interactivity/TestBioML_OMIM_ORDO_WithLocalOracle.class
uk/ac/ox/krr/logmap2/test/oaei/TestFoodOntologies.class
uk/ac/ox/krr/logmap2/test/oaei/TestBioML_SNOMED_NCIT_Pharma.class
uk/ac/ox/krr/logmap2/test/oaei/TestKnowledgeGraphTrack2021.class
uk/ac/ox/krr/logmap2/test/sem_tab/CEA_challenge_score.class
uk/ac/ox/krr/logmap2/test/oaei/TestOAEITrack.class
uk/ac/ox/krr/logmap2/test/oaei/TestAnatomyEnhanced.class
uk/ac/ox/krr/logmap2/test/overlapping/TestModularization.class
uk/ac/ox/krr/logmap2/test/oaei/CreateIIMBSEALS.class
uk/ac/ox/krr/logmap2/test/oaei/TestSnomedPunning.class
uk/ac/ox/krr/logmap2/test/oaei/TestLoadMappings.class
uk/ac/ox/krr/logmap2/test/sem_tab/CEA_challenge$1.class
uk/ac/ox/krr/logmap2/test/sem_tab/CEA_challenge.class
uk/ac/ox/krr/logmap2/test/oaei/TestAlignmentModule2025.class
uk/ac/ox/krr/logmap2/test/oaei/OAEITask.class
uk/ac/ox/krr/logmap2/test/oaei/TestBioMLRanking.class
UsingLogMapRepairFacility.class
uk/ac/ox/krr/logmap2/test/oaei/interactivity/TestBioML_SNOMED_NCIT_Neoplas_WithLocalOracle.class
uk/ac/ox/krr/logmap2/test/oaei/TestLogMapLt.class
uk/ac/ox/krr/logmap2/test/oaei/TestBioML_OMIM_ORDO.class
uk/ac/ox/krr/logmap2/test/oaei/HashAlignment.class
uk/ac/ox/krr/logmap2/test/overlapping/TestLoading.class
uk/ac/ox/krr/logmap2/test/oaei/interactivity/TestBioML_NCIT_DOID_WithLocalOracle.class
uk/ac/ox/krr/logmap2/test/overlapping/TestBasicDivisionAlignmentTask.class
uk/ac/ox/krr/logmap2/test/oaei/interactivity/TestAnatomyWithLocalOracle.class
uk/ac/ox/krr/logmap2/test/oaei/interactivity/CorrectnessMappingsToAskOracle.class
uk/ac/ox/krr/logmap2/test/overlapping/AbstractTestDivisionAlignmentTask.class
uk/ac/ox/krr/logmap2/test/oaei/interactivity/TestLargeBio_FMA_NCI_WithLocalOracle.class
uk/ac/ox/krr/logmap2/test/oaei/interactivity/TestLargeBio_FMA_SNOMED_WithLocalOracle.class
uk/ac/ox/krr/logmap2/test/overlapping/TestConceptEmbeddingDivisionAlignmentTask.class
uk/ac/ox/krr/logmap2/test/oaei/TestLogMapFull.class
uk/ac/ox/krr/logmap2/test/oaei/TestIIMBTrack.class
uk/ac/ox/krr/logmap2/test/oaei/TestConferenceTrack.class
uk/ac/ox/krr/logmap2/test/oaei/TestPistoiaPhase4.class
uk/ac/ox/krr/logmap2/test/oaei/CreateModulesForBioMLTrack.class
uk/ac/ox/krr/logmap2/test/oaei/TestBioML_SNOMED_FMA_Body.class
uk/ac/ox/krr/logmap2/test/oaei/TestLargeBio_FMA_NCI.class
uk/ac/ox/krr/logmap2/test/sem_tab/CEA_challenge$2.class
uk/ac/ox/krr/logmap2/test/oaei/TestBioML_NCIT_DOID.class
uk/ac/ox/krr/logmap2/test/oaei/TestPizza.class
uk/ac/ox/krr/logmap2/test/overlapping/TestWordEmbeddingDivisionAlignmentTask.class
uk/ac/ox/krr/logmap2/test/oaei/TestTSVBioML2RDFMappings.class
uk/ac/ox/krr/logmap2/test/oaei/TestBioML_SNOMED_NCIT_Neoplas.class
uk/ac/ox/krr/logmap2/test/overlapping/HashAlignment.class
uk/ac/ox/krr/logmap2/test/oaei/interactivity/PerformanceLogMapAutomaticDecisions.class
uk/ac/ox/krr/logmap2/test/oaei/TestOAEITrackEnhanced.class
uk/ac/ox/krr/logmap2/test/oaei/interactivity/TestOAEITrackWithOracle.class
uk/ac/ox/krr/logmap2/test/oaei/TestKERGameTask.class
uk/ac/ox/krr/logmap2/test/oaei/TestAnatomy.class
uk/ac/ox/krr/logmap2/test/overlapping/EvaluateMappingsForDivisionsOld.class
uk/ac/ox/krr/logmap2/test/sem_tab/CEA_challenge$3.class
uk/ac/ox/krr/logmap2/test/oaei/TestLargeBio_SNOMED_NCI.class
UsingLogMapMatcher.class
uk/ac/ox/krr/logmap2/test/oaei/Relation.class
uk/ac/ox/krr/logmap2/test/oaei/interactivity/TestLargeBio_SNOMED_NCI_WithLocalOracle.class
uk/ac/ox/krr/logmap2/test/oaei/TestPhenotypeTrack.class
uk/ac/ox/krr/logmap2/test/oaei/TestOAEIKGTrack.class
uk/ac/ox/krr/logmap2/test/overlapping/StandardMeasures.class
uk/ac/ox/krr/logmap2/test/overlapping/TestPredictionDivisionAlignmentTask.class
uk/ac/ox/krr/logmap2/test/overlapping/EvaluateSystemMappingsForDivisions.class
uk/ac/ox/krr/logmap2/test/oaei/interactivity/TestBioML_SNOMED_NCIT_Pharma_WithLocalOracle.class
uk/ac/ox/krr/logmap2/test/overlapping/TestOverlappingOverestimation.class
uk/ac/ox/krr/logmap2/test/bioportal/testLoader.class
uk/ac/ox/krr/logmap2/test/oaei/TestLargeBio_FMA_SNOMED.class
uk/ac/ox/krr/logmap2/test/oaei/TestIoT.class
uk/ac/ox/krr/logmap2/test/oaei/TestBioDiversityTrack.class
uk/ac/ox/krr/logmap2/test/oaei/TestKnowledgeGraphTrack2018.class
