/Users/shuma/Desktop/logmap-matcher/src/test/java/UsingLogMapMatcher.java
/Users/shuma/Desktop/logmap-matcher/src/test/java/UsingLogMapRepairFacility.java
/Users/shuma/Desktop/logmap-matcher/src/test/java/uk/ac/ox/krr/logmap2/test/bioportal/ReadBioPortalMappingsFromFile.java
/Users/shuma/Desktop/logmap-matcher/src/test/java/uk/ac/ox/krr/logmap2/test/bioportal/StoreBioPortalMappings.java
/Users/shuma/Desktop/logmap-matcher/src/test/java/uk/ac/ox/krr/logmap2/test/bioportal/testLoader.java
/Users/shuma/Desktop/logmap-matcher/src/test/java/uk/ac/ox/krr/logmap2/test/oaei/CreateIIMBSEALS.java
/Users/shuma/Desktop/logmap-matcher/src/test/java/uk/ac/ox/krr/logmap2/test/oaei/CreateModulesForBioMLTrack.java
/Users/shuma/Desktop/logmap-matcher/src/test/java/uk/ac/ox/krr/logmap2/test/oaei/HashAlignment.java
/Users/shuma/Desktop/logmap-matcher/src/test/java/uk/ac/ox/krr/logmap2/test/oaei/OAEITask.java
/Users/shuma/Desktop/logmap-matcher/src/test/java/uk/ac/ox/krr/logmap2/test/oaei/Relation.java
/Users/shuma/Desktop/logmap-matcher/src/test/java/uk/ac/ox/krr/logmap2/test/oaei/StandardMeasures.java
/Users/shuma/Desktop/logmap-matcher/src/test/java/uk/ac/ox/krr/logmap2/test/oaei/TestAlignmentModule2025.java
/Users/shuma/Desktop/logmap-matcher/src/test/java/uk/ac/ox/krr/logmap2/test/oaei/TestAnatomy.java
/Users/shuma/Desktop/logmap-matcher/src/test/java/uk/ac/ox/krr/logmap2/test/oaei/TestAnatomyEnhanced.java
/Users/shuma/Desktop/logmap-matcher/src/test/java/uk/ac/ox/krr/logmap2/test/oaei/TestBioDiversityTrack.java
/Users/shuma/Desktop/logmap-matcher/src/test/java/uk/ac/ox/krr/logmap2/test/oaei/TestBioMLRanking.java
/Users/shuma/Desktop/logmap-matcher/src/test/java/uk/ac/ox/krr/logmap2/test/oaei/TestBioML_NCIT_DOID.java
/Users/shuma/Desktop/logmap-matcher/src/test/java/uk/ac/ox/krr/logmap2/test/oaei/TestBioML_OMIM_ORDO.java
/Users/shuma/Desktop/logmap-matcher/src/test/java/uk/ac/ox/krr/logmap2/test/oaei/TestBioML_SNOMED_FMA_Body.java
/Users/shuma/Desktop/logmap-matcher/src/test/java/uk/ac/ox/krr/logmap2/test/oaei/TestBioML_SNOMED_NCIT_Neoplas.java
/Users/shuma/Desktop/logmap-matcher/src/test/java/uk/ac/ox/krr/logmap2/test/oaei/TestBioML_SNOMED_NCIT_Pharma.java
/Users/shuma/Desktop/logmap-matcher/src/test/java/uk/ac/ox/krr/logmap2/test/oaei/TestConferenceTrack.java
/Users/shuma/Desktop/logmap-matcher/src/test/java/uk/ac/ox/krr/logmap2/test/oaei/TestFoodOntologies.java
/Users/shuma/Desktop/logmap-matcher/src/test/java/uk/ac/ox/krr/logmap2/test/oaei/TestIIMBTrack.java
/Users/shuma/Desktop/logmap-matcher/src/test/java/uk/ac/ox/krr/logmap2/test/oaei/TestIoT.java
/Users/shuma/Desktop/logmap-matcher/src/test/java/uk/ac/ox/krr/logmap2/test/oaei/TestKERGameTask.java
/Users/shuma/Desktop/logmap-matcher/src/test/java/uk/ac/ox/krr/logmap2/test/oaei/TestKnowledgeGraphTrack2018.java
/Users/shuma/Desktop/logmap-matcher/src/test/java/uk/ac/ox/krr/logmap2/test/oaei/TestKnowledgeGraphTrack2021.java
/Users/shuma/Desktop/logmap-matcher/src/test/java/uk/ac/ox/krr/logmap2/test/oaei/TestLargeBio_FMA_NCI.java
/Users/shuma/Desktop/logmap-matcher/src/test/java/uk/ac/ox/krr/logmap2/test/oaei/TestLargeBio_FMA_SNOMED.java
/Users/shuma/Desktop/logmap-matcher/src/test/java/uk/ac/ox/krr/logmap2/test/oaei/TestLargeBio_SNOMED_NCI.java
/Users/shuma/Desktop/logmap-matcher/src/test/java/uk/ac/ox/krr/logmap2/test/oaei/TestLoadMappings.java
/Users/shuma/Desktop/logmap-matcher/src/test/java/uk/ac/ox/krr/logmap2/test/oaei/TestLogMapBio.java
/Users/shuma/Desktop/logmap-matcher/src/test/java/uk/ac/ox/krr/logmap2/test/oaei/TestLogMapFull.java
/Users/shuma/Desktop/logmap-matcher/src/test/java/uk/ac/ox/krr/logmap2/test/oaei/TestLogMapLLM.java
/Users/shuma/Desktop/logmap-matcher/src/test/java/uk/ac/ox/krr/logmap2/test/oaei/TestLogMapLt.java
/Users/shuma/Desktop/logmap-matcher/src/test/java/uk/ac/ox/krr/logmap2/test/oaei/TestNIVA.java
/Users/shuma/Desktop/logmap-matcher/src/test/java/uk/ac/ox/krr/logmap2/test/oaei/TestOAEIKGTrack.java
/Users/shuma/Desktop/logmap-matcher/src/test/java/uk/ac/ox/krr/logmap2/test/oaei/TestOAEITrack.java
/Users/shuma/Desktop/logmap-matcher/src/test/java/uk/ac/ox/krr/logmap2/test/oaei/TestOAEITrackEnhanced.java
/Users/shuma/Desktop/logmap-matcher/src/test/java/uk/ac/ox/krr/logmap2/test/oaei/TestPhenotypeTrack.java
/Users/shuma/Desktop/logmap-matcher/src/test/java/uk/ac/ox/krr/logmap2/test/oaei/TestPistoiaPhase4.java
/Users/shuma/Desktop/logmap-matcher/src/test/java/uk/ac/ox/krr/logmap2/test/oaei/TestPizza.java
/Users/shuma/Desktop/logmap-matcher/src/test/java/uk/ac/ox/krr/logmap2/test/oaei/TestRDF2TXTMappings.java
/Users/shuma/Desktop/logmap-matcher/src/test/java/uk/ac/ox/krr/logmap2/test/oaei/TestSnomedPunning.java
/Users/shuma/Desktop/logmap-matcher/src/test/java/uk/ac/ox/krr/logmap2/test/oaei/TestTSVBioML2RDFMappings.java
/Users/shuma/Desktop/logmap-matcher/src/test/java/uk/ac/ox/krr/logmap2/test/oaei/Test_DISO_guard.java
/Users/shuma/Desktop/logmap-matcher/src/test/java/uk/ac/ox/krr/logmap2/test/oaei/interactivity/CorrectnessMappingsToAskOracle.java
/Users/shuma/Desktop/logmap-matcher/src/test/java/uk/ac/ox/krr/logmap2/test/oaei/interactivity/PerformanceLogMapAutomaticDecisions.java
/Users/shuma/Desktop/logmap-matcher/src/test/java/uk/ac/ox/krr/logmap2/test/oaei/interactivity/TestAnatomyWithLocalOracle.java
/Users/shuma/Desktop/logmap-matcher/src/test/java/uk/ac/ox/krr/logmap2/test/oaei/interactivity/TestBioML_NCIT_DOID_WithLocalOracle.java
/Users/shuma/Desktop/logmap-matcher/src/test/java/uk/ac/ox/krr/logmap2/test/oaei/interactivity/TestBioML_OMIM_ORDO_WithLocalOracle.java
/Users/shuma/Desktop/logmap-matcher/src/test/java/uk/ac/ox/krr/logmap2/test/oaei/interactivity/TestBioML_SNOMED_FMA_Body_WithLocalOracle.java
/Users/shuma/Desktop/logmap-matcher/src/test/java/uk/ac/ox/krr/logmap2/test/oaei/interactivity/TestBioML_SNOMED_NCIT_Neoplas_WithLocalOracle.java
/Users/shuma/Desktop/logmap-matcher/src/test/java/uk/ac/ox/krr/logmap2/test/oaei/interactivity/TestBioML_SNOMED_NCIT_Pharma_WithLocalOracle.java
/Users/shuma/Desktop/logmap-matcher/src/test/java/uk/ac/ox/krr/logmap2/test/oaei/interactivity/TestLargeBio_FMA_NCI_WithLocalOracle.java
/Users/shuma/Desktop/logmap-matcher/src/test/java/uk/ac/ox/krr/logmap2/test/oaei/interactivity/TestLargeBio_FMA_SNOMED_WithLocalOracle.java
/Users/shuma/Desktop/logmap-matcher/src/test/java/uk/ac/ox/krr/logmap2/test/oaei/interactivity/TestLargeBio_SNOMED_NCI_WithLocalOracle.java
/Users/shuma/Desktop/logmap-matcher/src/test/java/uk/ac/ox/krr/logmap2/test/oaei/interactivity/TestOAEITrackWithOracle.java
/Users/shuma/Desktop/logmap-matcher/src/test/java/uk/ac/ox/krr/logmap2/test/overlapping/AbstractTestDivisionAlignmentTask.java
/Users/shuma/Desktop/logmap-matcher/src/test/java/uk/ac/ox/krr/logmap2/test/overlapping/EvaluateMappingsForDivisionsOld.java
/Users/shuma/Desktop/logmap-matcher/src/test/java/uk/ac/ox/krr/logmap2/test/overlapping/EvaluateSystemMappingsForDivisions.java
/Users/shuma/Desktop/logmap-matcher/src/test/java/uk/ac/ox/krr/logmap2/test/overlapping/HashAlignment.java
/Users/shuma/Desktop/logmap-matcher/src/test/java/uk/ac/ox/krr/logmap2/test/overlapping/Relation.java
/Users/shuma/Desktop/logmap-matcher/src/test/java/uk/ac/ox/krr/logmap2/test/overlapping/StandardMeasures.java
/Users/shuma/Desktop/logmap-matcher/src/test/java/uk/ac/ox/krr/logmap2/test/overlapping/TestBasicDivisionAlignmentTask.java
/Users/shuma/Desktop/logmap-matcher/src/test/java/uk/ac/ox/krr/logmap2/test/overlapping/TestConceptEmbeddingDivisionAlignmentTask.java
/Users/shuma/Desktop/logmap-matcher/src/test/java/uk/ac/ox/krr/logmap2/test/overlapping/TestLoading.java
/Users/shuma/Desktop/logmap-matcher/src/test/java/uk/ac/ox/krr/logmap2/test/overlapping/TestModularization.java
/Users/shuma/Desktop/logmap-matcher/src/test/java/uk/ac/ox/krr/logmap2/test/overlapping/TestOverlapping.java
/Users/shuma/Desktop/logmap-matcher/src/test/java/uk/ac/ox/krr/logmap2/test/overlapping/TestOverlappingOverestimation.java
/Users/shuma/Desktop/logmap-matcher/src/test/java/uk/ac/ox/krr/logmap2/test/overlapping/TestPredictionDivisionAlignmentTask.java
/Users/shuma/Desktop/logmap-matcher/src/test/java/uk/ac/ox/krr/logmap2/test/overlapping/TestWordEmbeddingDivisionAlignmentTask.java
/Users/shuma/Desktop/logmap-matcher/src/test/java/uk/ac/ox/krr/logmap2/test/sem_tab/CEA_challenge.java
/Users/shuma/Desktop/logmap-matcher/src/test/java/uk/ac/ox/krr/logmap2/test/sem_tab/CEA_challenge_score.java
